{
  "field_1": "test",
  "field_2": "{#someSpecificValue#}",
  "field_3": "{#someSpecificValue}",
  "field_4": "{someSpecificValue#}",
  "field_5": "{#someSpecificValue",
  "field_6": "someSpecificValue#}",
  "field_7": "{someSpecificValue}",
  "field_8": "#someSpecificValue#",
  "field_9": "someSpecificValue",
  "field_10": "{##}",
  "field_11": "{#someSpecificValue2#}",
  "field_12": "{#someValue#}"
}
